../Core/Src/main.c:85:5:main	200	static
../Core/Src/main.c:205:6:SystemClock_Config	96	static
../Core/Src/main.c:270:13:MX_CRC_Init	8	static
../Core/Src/main.c:301:13:MX_RNG_Init	8	static
../Core/Src/main.c:327:13:MX_SPI1_Init	8	static
../Core/Src/main.c:367:13:MX_USART2_UART_Init	8	static
../Core/Src/main.c:400:13:MX_DMA_Init	16	static
../Core/Src/main.c:421:13:MX_GPIO_Init	48	static
../Core/Src/main.c:474:6:HAL_UART_RxCpltCallback	16	static
../Core/Src/main.c:479:6:HAL_UART_TxCpltCallback	16	static
../Core/Src/main.c:497:6:HAL_TIM_PeriodElapsedCallback	16	static
../Core/Src/main.c:515:6:Error_Handler	4	static,ignoring_inline_asm
